../Drivers/CMSIS/Include/core_cm4.h:2064:26:ITM_SendChar	16	static,ignoring_inline_asm
../Core/Src/main.c:90:5:main	8	static
../Core/Src/main.c:114:6:SystemClock_Config	88	static
../Core/Src/main.c:161:13:MX_I2C1_Init	8	static
../Core/Src/main.c:196:13:MX_USART2_UART_Init	8	static
../Core/Src/main.c:229:13:MX_GPIO_Init	48	static
../Core/Src/main.c:263:5:_write	32	static
../Core/Src/main.c:282:6:start_sd_task	16	static
../Core/Src/main.c:298:6:start_init_task	16	static
../Core/Src/main.c:310:6:Error_Handler	4	static,ignoring_inline_asm
