../Drivers/CMSIS/Include/core_cm4.h:2064:26:ITM_SendChar	16	static,ignoring_inline_asm
../Core/Src/main.c:69:13:print_err	16	static
../Core/Src/main.c:139:5:main	8440	static
../Core/Src/main.c:218:6:SystemClock_Config	88	static
../Core/Src/main.c:265:13:MX_I2C1_Init	8	static
../Core/Src/main.c:299:13:MX_SDIO_SD_Init	4	static
../Core/Src/main.c:327:13:MX_USART2_UART_Init	8	static
../Core/Src/main.c:358:13:MX_DMA_Init	16	static
../Core/Src/main.c:379:13:MX_GPIO_Init	48	static
../Core/Src/main.c:413:5:_write	32	static
../Core/Src/main.c:429:6:Error_Handler	4	static,ignoring_inline_asm
