../Core/comp/fw_updater.c:41:16:init_sd	8	static
../Core/comp/fw_updater.c:53:16:send_opt	208	static
../Core/comp/fw_updater.c:97:16:read_sd_and_firmware	8	static
../Core/comp/fw_updater.c:155:16:check_firmware	16	static
../Core/comp/fw_updater.c:208:16:reset_to_factory	16	static
../Core/comp/fw_updater.c:219:16:update_firmware	8	static
../Core/comp/fw_updater.c:266:17:MX_SDIO_SD_Init	8	static
../Core/comp/fw_updater.c:277:16:prep_firmware	8	static
../Core/comp/fw_updater.c:297:16:finish_firmware	8	static
../Core/comp/fw_updater.c:309:13:print_err	16	static
../Core/comp/fw_updater.c:377:13:MX_DMA_Init	16	static
